[     380ms] [INFO] %cDownload the React DevTools for a better development experience: https://react.dev/link/react-devtools font-weight:bold @ http://localhost:3000/_next/static/chunks/0xn0_next_dist_0-rlh9~._.js:2477
[     460ms] [LOG] [HMR] connected @ http://localhost:3000/_next/static/chunks/0xn0_next_dist_0-rlh9~._.js:2477
[   54149ms] [LOG] [Fast Refresh] rebuilding @ http://localhost:3000/_next/static/chunks/0xn0_next_dist_0-rlh9~._.js:2477
[   54182ms] [LOG] [Fast Refresh] done in 50ms @ http://localhost:3000/_next/static/chunks/0xn0_next_dist_0-rlh9~._.js:2477
[   60063ms] [ERROR] Failed to load resource: net::ERR_NAME_NOT_RESOLVED @ https://www.googletagmanager.com/gtm.js:0
[   71471ms] [LOG] [Fast Refresh] rebuilding @ http://localhost:3000/_next/static/chunks/0xn0_next_dist_0-rlh9~._.js:2477
[   71524ms] [LOG] [Fast Refresh] done in 121ms @ http://localhost:3000/_next/static/chunks/0xn0_next_dist_0-rlh9~._.js:2477
[   86419ms] [LOG] [Fast Refresh] rebuilding @ http://localhost:3000/_next/static/chunks/0xn0_next_dist_0-rlh9~._.js:2477
[   86561ms] [LOG] [Fast Refresh] done in 223ms @ http://localhost:3000/_next/static/chunks/0xn0_next_dist_0-rlh9~._.js:2477
[   86663ms] [LOG] [Fast Refresh] rebuilding @ http://localhost:3000/_next/static/chunks/0xn0_next_dist_0-rlh9~._.js:2477
[   86728ms] [LOG] [Fast Refresh] done in 167ms @ http://localhost:3000/_next/static/chunks/0xn0_next_dist_0-rlh9~._.js:2477
[   99143ms] [LOG] [Fast Refresh] rebuilding @ http://localhost:3000/_next/static/chunks/0xn0_next_dist_0-rlh9~._.js:2477
[   99220ms] [LOG] [Fast Refresh] done in 55ms @ http://localhost:3000/_next/static/chunks/0xn0_next_dist_0-rlh9~._.js:2477
[  105443ms] [LOG] [Fast Refresh] rebuilding @ http://localhost:3000/_next/static/chunks/0xn0_next_dist_0-rlh9~._.js:2477
[  105710ms] [LOG] [Fast Refresh] done in 153ms @ http://localhost:3000/_next/static/chunks/0xn0_next_dist_0-rlh9~._.js:2477
[  105719ms] [ERROR] IntlError: MISSING_MESSAGE: Could not resolve `common.category.showMore` in messages for locale `ko`.
    at getFallbackFromErrorAndNotify (http://localhost:3000/_next/static/chunks/node_modules__pnpm_073u4m3._.js:1830:23)
    at translateBaseFn (http://localhost:3000/_next/static/chunks/node_modules__pnpm_073u4m3._.js:1860:28)
    at translateFn (http://localhost:3000/_next/static/chunks/node_modules__pnpm_073u4m3._.js:1888:24)
    at CategorySection (http://localhost:3000/_next/static/chunks/_0l3jh0d._.js?id=%255Bproject%255D%252Fcomponents%252FpostGallery%252Fcategory-section.tsx+%255Bapp-client%255D+%2528ecmascript%2529:151:28)
    at Object.react_stack_bottom_frame (http://localhost:3000/_next/static/chunks/0xn0_next_dist_compiled_react-dom_0tq~lu8._.js:15037:24)
    at renderWithHooks (http://localhost:3000/_next/static/chunks/0xn0_next_dist_compiled_react-dom_0tq~lu8._.js:4620:24)
    at updateFunctionComponent (http://localhost:3000/_next/static/chunks/0xn0_next_dist_compiled_react-dom_0tq~lu8._.js:6081:21)
    at beginWork (http://localhost:3000/_next/static/chunks/0xn0_next_dist_compiled_react-dom_0tq~lu8._.js:6691:24)
    at runWithFiberInDEV (http://localhost:3000/_next/static/chunks/0xn0_next_dist_compiled_react-dom_0tq~lu8._.js:965:74)
    at performUnitOfWork (http://localhost:3000/_next/static/chunks/0xn0_next_dist_compiled_react-dom_0tq~lu8._.js:9555:97)
    at workLoopSync (http://localhost:3000/_next/static/chunks/0xn0_next_dist_compiled_react-dom_0tq~lu8._.js:9449:40)
    at renderRootSync (http://localhost:3000/_next/static/chunks/0xn0_next_dist_compiled_react-dom_0tq~lu8._.js:9433:13)
    at performWorkOnRoot (http://localhost:3000/_next/static/chunks/0xn0_next_dist_compiled_react-dom_0tq~lu8._.js:9061:186)
    at performSyncWorkOnRoot (http://localhost:3000/_next/static/chunks/0xn0_next_dist_compiled_react-dom_0tq~lu8._.js:10263:9)
    at flushSyncWorkAcrossRoots_impl (http://localhost:3000/_next/static/chunks/0xn0_next_dist_compiled_react-dom_0tq~lu8._.js:10179:316)
    at flushSyncWork$1 (http://localhost:3000/_next/static/chunks/0xn0_next_dist_compiled_react-dom_0tq~lu8._.js:9230:86)
    at Object.scheduleRefresh (http://localhost:3000/_next/static/chunks/0xn0_next_dist_compiled_react-dom_0tq~lu8._.js:299:13)
    at http://localhost:3000/_next/static/chunks/0xn0_next_dist_compiled_0bc8sc2._.js:391:33
    at Set.forEach (<anonymous>)
    at Object.performReactRefresh (http://localhost:3000/_next/static/chunks/0xn0_next_dist_compiled_0bc8sc2._.js:384:38)
    at applyUpdate (http://localhost:3000/_next/static/chunks/0xn0_next_dist_compiled_0bc8sc2._.js:878:31)
    at http://localhost:3000/_next/static/chunks/0xn0_next_dist_compiled_0bc8sc2._.js:886:13 @ http://localhost:3000/_next/static/chunks/0xn0_next_dist_0-rlh9~._.js:3318
[  105720ms] [ERROR] IntlError: MISSING_MESSAGE: Could not resolve `common.category.showMore` in messages for locale `ko`.
    at getFallbackFromErrorAndNotify (http://localhost:3000/_next/static/chunks/node_modules__pnpm_073u4m3._.js:1830:23)
    at translateBaseFn (http://localhost:3000/_next/static/chunks/node_modules__pnpm_073u4m3._.js:1860:28)
    at translateFn (http://localhost:3000/_next/static/chunks/node_modules__pnpm_073u4m3._.js:1888:24)
    at CategorySection (http://localhost:3000/_next/static/chunks/_0l3jh0d._.js?id=%255Bproject%255D%252Fcomponents%252FpostGallery%252Fcategory-section.tsx+%255Bapp-client%255D+%2528ecmascript%2529:151:28)
    at Object.react_stack_bottom_frame (http://localhost:3000/_next/static/chunks/0xn0_next_dist_compiled_react-dom_0tq~lu8._.js:15037:24)
    at renderWithHooksAgain (http://localhost:3000/_next/static/chunks/0xn0_next_dist_compiled_react-dom_0tq~lu8._.js:4675:24)
    at renderWithHooks (http://localhost:3000/_next/static/chunks/0xn0_next_dist_compiled_react-dom_0tq~lu8._.js:4626:28)
    at updateFunctionComponent (http://localhost:3000/_next/static/chunks/0xn0_next_dist_compiled_react-dom_0tq~lu8._.js:6081:21)
    at beginWork (http://localhost:3000/_next/static/chunks/0xn0_next_dist_compiled_react-dom_0tq~lu8._.js:6691:24)
    at runWithFiberInDEV (http://localhost:3000/_next/static/chunks/0xn0_next_dist_compiled_react-dom_0tq~lu8._.js:965:74)
    at performUnitOfWork (http://localhost:3000/_next/static/chunks/0xn0_next_dist_compiled_react-dom_0tq~lu8._.js:9555:97)
    at workLoopSync (http://localhost:3000/_next/static/chunks/0xn0_next_dist_compiled_react-dom_0tq~lu8._.js:9449:40)
    at renderRootSync (http://localhost:3000/_next/static/chunks/0xn0_next_dist_compiled_react-dom_0tq~lu8._.js:9433:13)
    at performWorkOnRoot (http://localhost:3000/_next/static/chunks/0xn0_next_dist_compiled_react-dom_0tq~lu8._.js:9061:186)
    at performSyncWorkOnRoot (http://localhost:3000/_next/static/chunks/0xn0_next_dist_compiled_react-dom_0tq~lu8._.js:10263:9)
    at flushSyncWorkAcrossRoots_impl (http://localhost:3000/_next/static/chunks/0xn0_next_dist_compiled_react-dom_0tq~lu8._.js:10179:316)
    at flushSyncWork$1 (http://localhost:3000/_next/static/chunks/0xn0_next_dist_compiled_react-dom_0tq~lu8._.js:9230:86)
    at Object.scheduleRefresh (http://localhost:3000/_next/static/chunks/0xn0_next_dist_compiled_react-dom_0tq~lu8._.js:299:13)
    at http://localhost:3000/_next/static/chunks/0xn0_next_dist_compiled_0bc8sc2._.js:391:33
    at Set.forEach (<anonymous>)
    at Object.performReactRefresh (http://localhost:3000/_next/static/chunks/0xn0_next_dist_compiled_0bc8sc2._.js:384:38)
    at applyUpdate (http://localhost:3000/_next/static/chunks/0xn0_next_dist_compiled_0bc8sc2._.js:878:31)
    at http://localhost:3000/_next/static/chunks/0xn0_next_dist_compiled_0bc8sc2._.js:886:13 @ http://localhost:3000/_next/static/chunks/0xn0_next_dist_0-rlh9~._.js:3318
[  105726ms] [ERROR] IntlError: MISSING_MESSAGE: Could not resolve `common.category.showMore` in messages for locale `ko`.
    at getFallbackFromErrorAndNotify (http://localhost:3000/_next/static/chunks/node_modules__pnpm_073u4m3._.js:1830:23)
    at translateBaseFn (http://localhost:3000/_next/static/chunks/node_modules__pnpm_073u4m3._.js:1860:28)
    at translateFn (http://localhost:3000/_next/static/chunks/node_modules__pnpm_073u4m3._.js:1888:24)
    at CategorySection (http://localhost:3000/_next/static/chunks/_0l3jh0d._.js?id=%255Bproject%255D%252Fcomponents%252FpostGallery%252Fcategory-section.tsx+%255Bapp-client%255D+%2528ecmascript%2529:151:28)
    at Object.react_stack_bottom_frame (http://localhost:3000/_next/static/chunks/0xn0_next_dist_compiled_react-dom_0tq~lu8._.js:15037:24)
    at renderWithHooks (http://localhost:3000/_next/static/chunks/0xn0_next_dist_compiled_react-dom_0tq~lu8._.js:4620:24)
    at updateFunctionComponent (http://localhost:3000/_next/static/chunks/0xn0_next_dist_compiled_react-dom_0tq~lu8._.js:6081:21)
    at beginWork (http://localhost:3000/_next/static/chunks/0xn0_next_dist_compiled_react-dom_0tq~lu8._.js:6691:24)
    at runWithFiberInDEV (http://localhost:3000/_next/static/chunks/0xn0_next_dist_compiled_react-dom_0tq~lu8._.js:965:74)
    at performUnitOfWork (http://localhost:3000/_next/static/chunks/0xn0_next_dist_compiled_react-dom_0tq~lu8._.js:9555:97)
    at workLoopSync (http://localhost:3000/_next/static/chunks/0xn0_next_dist_compiled_react-dom_0tq~lu8._.js:9449:40)
    at renderRootSync (http://localhost:3000/_next/static/chunks/0xn0_next_dist_compiled_react-dom_0tq~lu8._.js:9433:13)
    at performWorkOnRoot (http://localhost:3000/_next/static/chunks/0xn0_next_dist_compiled_react-dom_0tq~lu8._.js:9061:186)
    at performSyncWorkOnRoot (http://localhost:3000/_next/static/chunks/0xn0_next_dist_compiled_react-dom_0tq~lu8._.js:10263:9)
    at flushSyncWorkAcrossRoots_impl (http://localhost:3000/_next/static/chunks/0xn0_next_dist_compiled_react-dom_0tq~lu8._.js:10179:316)
    at flushSyncWork$1 (http://localhost:3000/_next/static/chunks/0xn0_next_dist_compiled_react-dom_0tq~lu8._.js:9230:86)
    at Object.scheduleRefresh (http://localhost:3000/_next/static/chunks/0xn0_next_dist_compiled_react-dom_0tq~lu8._.js:299:13)
    at http://localhost:3000/_next/static/chunks/0xn0_next_dist_compiled_0bc8sc2._.js:391:33
    at Set.forEach (<anonymous>)
    at Object.performReactRefresh (http://localhost:3000/_next/static/chunks/0xn0_next_dist_compiled_0bc8sc2._.js:384:38)
    at applyUpdate (http://localhost:3000/_next/static/chunks/0xn0_next_dist_compiled_0bc8sc2._.js:878:31)
    at http://localhost:3000/_next/static/chunks/0xn0_next_dist_compiled_0bc8sc2._.js:886:13 @ http://localhost:3000/_next/static/chunks/0xn0_next_dist_0-rlh9~._.js:3318
[  105727ms] [ERROR] IntlError: MISSING_MESSAGE: Could not resolve `common.category.showMore` in messages for locale `ko`.
    at getFallbackFromErrorAndNotify (http://localhost:3000/_next/static/chunks/node_modules__pnpm_073u4m3._.js:1830:23)
    at translateBaseFn (http://localhost:3000/_next/static/chunks/node_modules__pnpm_073u4m3._.js:1860:28)
    at translateFn (http://localhost:3000/_next/static/chunks/node_modules__pnpm_073u4m3._.js:1888:24)
    at CategorySection (http://localhost:3000/_next/static/chunks/_0l3jh0d._.js?id=%255Bproject%255D%252Fcomponents%252FpostGallery%252Fcategory-section.tsx+%255Bapp-client%255D+%2528ecmascript%2529:151:28)
    at Object.react_stack_bottom_frame (http://localhost:3000/_next/static/chunks/0xn0_next_dist_compiled_react-dom_0tq~lu8._.js:15037:24)
    at renderWithHooksAgain (http://localhost:3000/_next/static/chunks/0xn0_next_dist_compiled_react-dom_0tq~lu8._.js:4675:24)
    at renderWithHooks (http://localhost:3000/_next/static/chunks/0xn0_next_dist_compiled_react-dom_0tq~lu8._.js:4626:28)
    at updateFunctionComponent (http://localhost:3000/_next/static/chunks/0xn0_next_dist_compiled_react-dom_0tq~lu8._.js:6081:21)
    at beginWork (http://localhost:3000/_next/static/chunks/0xn0_next_dist_compiled_react-dom_0tq~lu8._.js:6691:24)
    at runWithFiberInDEV (http://localhost:3000/_next/static/chunks/0xn0_next_dist_compiled_react-dom_0tq~lu8._.js:965:74)
    at performUnitOfWork (http://localhost:3000/_next/static/chunks/0xn0_next_dist_compiled_react-dom_0tq~lu8._.js:9555:97)
    at workLoopSync (http://localhost:3000/_next/static/chunks/0xn0_next_dist_compiled_react-dom_0tq~lu8._.js:9449:40)
    at renderRootSync (http://localhost:3000/_next/static/chunks/0xn0_next_dist_compiled_react-dom_0tq~lu8._.js:9433:13)
    at performWorkOnRoot (http://localhost:3000/_next/static/chunks/0xn0_next_dist_compiled_react-dom_0tq~lu8._.js:9061:186)
    at performSyncWorkOnRoot (http://localhost:3000/_next/static/chunks/0xn0_next_dist_compiled_react-dom_0tq~lu8._.js:10263:9)
    at flushSyncWorkAcrossRoots_impl (http://localhost:3000/_next/static/chunks/0xn0_next_dist_compiled_react-dom_0tq~lu8._.js:10179:316)
    at flushSyncWork$1 (http://localhost:3000/_next/static/chunks/0xn0_next_dist_compiled_react-dom_0tq~lu8._.js:9230:86)
    at Object.scheduleRefresh (http://localhost:3000/_next/static/chunks/0xn0_next_dist_compiled_react-dom_0tq~lu8._.js:299:13)
    at http://localhost:3000/_next/static/chunks/0xn0_next_dist_compiled_0bc8sc2._.js:391:33
    at Set.forEach (<anonymous>)
    at Object.performReactRefresh (http://localhost:3000/_next/static/chunks/0xn0_next_dist_compiled_0bc8sc2._.js:384:38)
    at applyUpdate (http://localhost:3000/_next/static/chunks/0xn0_next_dist_compiled_0bc8sc2._.js:878:31)
    at http://localhost:3000/_next/static/chunks/0xn0_next_dist_compiled_0bc8sc2._.js:886:13 @ http://localhost:3000/_next/static/chunks/0xn0_next_dist_0-rlh9~._.js:3318
[  105733ms] [ERROR] IntlError: MISSING_MESSAGE: Could not resolve `common.category.showMore` in messages for locale `ko`.
    at getFallbackFromErrorAndNotify (http://localhost:3000/_next/static/chunks/node_modules__pnpm_073u4m3._.js:1830:23)
    at translateBaseFn (http://localhost:3000/_next/static/chunks/node_modules__pnpm_073u4m3._.js:1860:28)
    at translateFn (http://localhost:3000/_next/static/chunks/node_modules__pnpm_073u4m3._.js:1888:24)
    at CategorySection (http://localhost:3000/_next/static/chunks/_0l3jh0d._.js?id=%255Bproject%255D%252Fcomponents%252FpostGallery%252Fcategory-section.tsx+%255Bapp-client%255D+%2528ecmascript%2529:151:28)
    at Object.react_stack_bottom_frame (http://localhost:3000/_next/static/chunks/0xn0_next_dist_compiled_react-dom_0tq~lu8._.js:15037:24)
    at renderWithHooks (http://localhost:3000/_next/static/chunks/0xn0_next_dist_compiled_react-dom_0tq~lu8._.js:4620:24)
    at updateFunctionComponent (http://localhost:3000/_next/static/chunks/0xn0_next_dist_compiled_react-dom_0tq~lu8._.js:6081:21)
    at beginWork (http://localhost:3000/_next/static/chunks/0xn0_next_dist_compiled_react-dom_0tq~lu8._.js:6691:24)
    at runWithFiberInDEV (http://localhost:3000/_next/static/chunks/0xn0_next_dist_compiled_react-dom_0tq~lu8._.js:965:74)
    at performUnitOfWork (http://localhost:3000/_next/static/chunks/0xn0_next_dist_compiled_react-dom_0tq~lu8._.js:9555:97)
    at workLoopSync (http://localhost:3000/_next/static/chunks/0xn0_next_dist_compiled_react-dom_0tq~lu8._.js:9449:40)
    at renderRootSync (http://localhost:3000/_next/static/chunks/0xn0_next_dist_compiled_react-dom_0tq~lu8._.js:9433:13)
    at performWorkOnRoot (http://localhost:3000/_next/static/chunks/0xn0_next_dist_compiled_react-dom_0tq~lu8._.js:9061:186)
    at performSyncWorkOnRoot (http://localhost:3000/_next/static/chunks/0xn0_next_dist_compiled_react-dom_0tq~lu8._.js:10263:9)
    at flushSyncWorkAcrossRoots_impl (http://localhost:3000/_next/static/chunks/0xn0_next_dist_compiled_react-dom_0tq~lu8._.js:10179:316)
    at flushSyncWork$1 (http://localhost:3000/_next/static/chunks/0xn0_next_dist_compiled_react-dom_0tq~lu8._.js:9230:86)
    at Object.scheduleRefresh (http://localhost:3000/_next/static/chunks/0xn0_next_dist_compiled_react-dom_0tq~lu8._.js:299:13)
    at http://localhost:3000/_next/static/chunks/0xn0_next_dist_compiled_0bc8sc2._.js:391:33
    at Set.forEach (<anonymous>)
    at Object.performReactRefresh (http://localhost:3000/_next/static/chunks/0xn0_next_dist_compiled_0bc8sc2._.js:384:38)
    at applyUpdate (http://localhost:3000/_next/static/chunks/0xn0_next_dist_compiled_0bc8sc2._.js:878:31)
    at http://localhost:3000/_next/static/chunks/0xn0_next_dist_compiled_0bc8sc2._.js:886:13 @ http://localhost:3000/_next/static/chunks/0xn0_next_dist_0-rlh9~._.js:3318
[  105734ms] [ERROR] IntlError: MISSING_MESSAGE: Could not resolve `common.category.showMore` in messages for locale `ko`.
    at getFallbackFromErrorAndNotify (http://localhost:3000/_next/static/chunks/node_modules__pnpm_073u4m3._.js:1830:23)
    at translateBaseFn (http://localhost:3000/_next/static/chunks/node_modules__pnpm_073u4m3._.js:1860:28)
    at translateFn (http://localhost:3000/_next/static/chunks/node_modules__pnpm_073u4m3._.js:1888:24)
    at CategorySection (http://localhost:3000/_next/static/chunks/_0l3jh0d._.js?id=%255Bproject%255D%252Fcomponents%252FpostGallery%252Fcategory-section.tsx+%255Bapp-client%255D+%2528ecmascript%2529:151:28)
    at Object.react_stack_bottom_frame (http://localhost:3000/_next/static/chunks/0xn0_next_dist_compiled_react-dom_0tq~lu8._.js:15037:24)
    at renderWithHooksAgain (http://localhost:3000/_next/static/chunks/0xn0_next_dist_compiled_react-dom_0tq~lu8._.js:4675:24)
    at renderWithHooks (http://localhost:3000/_next/static/chunks/0xn0_next_dist_compiled_react-dom_0tq~lu8._.js:4626:28)
    at updateFunctionComponent (http://localhost:3000/_next/static/chunks/0xn0_next_dist_compiled_react-dom_0tq~lu8._.js:6081:21)
    at beginWork (http://localhost:3000/_next/static/chunks/0xn0_next_dist_compiled_react-dom_0tq~lu8._.js:6691:24)
    at runWithFiberInDEV (http://localhost:3000/_next/static/chunks/0xn0_next_dist_compiled_react-dom_0tq~lu8._.js:965:74)
    at performUnitOfWork (http://localhost:3000/_next/static/chunks/0xn0_next_dist_compiled_react-dom_0tq~lu8._.js:9555:97)
    at workLoopSync (http://localhost:3000/_next/static/chunks/0xn0_next_dist_compiled_react-dom_0tq~lu8._.js:9449:40)
    at renderRootSync (http://localhost:3000/_next/static/chunks/0xn0_next_dist_compiled_react-dom_0tq~lu8._.js:9433:13)
    at performWorkOnRoot (http://localhost:3000/_next/static/chunks/0xn0_next_dist_compiled_react-dom_0tq~lu8._.js:9061:186)
    at performSyncWorkOnRoot (http://localhost:3000/_next/static/chunks/0xn0_next_dist_compiled_react-dom_0tq~lu8._.js:10263:9)
    at flushSyncWorkAcrossRoots_impl (http://localhost:3000/_next/static/chunks/0xn0_next_dist_compiled_react-dom_0tq~lu8._.js:10179:316)
    at flushSyncWork$1 (http://localhost:3000/_next/static/chunks/0xn0_next_dist_compiled_react-dom_0tq~lu8._.js:9230:86)
    at Object.scheduleRefresh (http://localhost:3000/_next/static/chunks/0xn0_next_dist_compiled_react-dom_0tq~lu8._.js:299:13)
    at http://localhost:3000/_next/static/chunks/0xn0_next_dist_compiled_0bc8sc2._.js:391:33
    at Set.forEach (<anonymous>)
    at Object.performReactRefresh (http://localhost:3000/_next/static/chunks/0xn0_next_dist_compiled_0bc8sc2._.js:384:38)
    at applyUpdate (http://localhost:3000/_next/static/chunks/0xn0_next_dist_compiled_0bc8sc2._.js:878:31)
    at http://localhost:3000/_next/static/chunks/0xn0_next_dist_compiled_0bc8sc2._.js:886:13 @ http://localhost:3000/_next/static/chunks/0xn0_next_dist_0-rlh9~._.js:3318
[  106028ms] [ERROR] IntlError: MISSING_MESSAGE: Could not resolve `common.category.showMore` in messages for locale `ko`.
    at getFallbackFromErrorAndNotify (http://localhost:3000/_next/static/chunks/node_modules__pnpm_073u4m3._.js:1830:23)
    at translateBaseFn (http://localhost:3000/_next/static/chunks/node_modules__pnpm_073u4m3._.js:1860:28)
    at translateFn (http://localhost:3000/_next/static/chunks/node_modules__pnpm_073u4m3._.js:1888:24)
    at CategorySection (http://localhost:3000/_next/static/chunks/_0l3jh0d._.js?id=%255Bproject%255D%252Fcomponents%252FpostGallery%252Fcategory-section.tsx+%255Bapp-client%255D+%2528ecmascript%2529:151:28)
    at Object.react_stack_bottom_frame (http://localhost:3000/_next/static/chunks/0xn0_next_dist_compiled_react-dom_0tq~lu8._.js:15037:24)
    at renderWithHooks (http://localhost:3000/_next/static/chunks/0xn0_next_dist_compiled_react-dom_0tq~lu8._.js:4620:24)
    at updateFunctionComponent (http://localhost:3000/_next/static/chunks/0xn0_next_dist_compiled_react-dom_0tq~lu8._.js:6081:21)
    at beginWork (http://localhost:3000/_next/static/chunks/0xn0_next_dist_compiled_react-dom_0tq~lu8._.js:6691:24)
    at runWithFiberInDEV (http://localhost:3000/_next/static/chunks/0xn0_next_dist_compiled_react-dom_0tq~lu8._.js:965:74)
    at performUnitOfWork (http://localhost:3000/_next/static/chunks/0xn0_next_dist_compiled_react-dom_0tq~lu8._.js:9555:97)
    at workLoopConcurrentByScheduler (http://localhost:3000/_next/static/chunks/0xn0_next_dist_compiled_react-dom_0tq~lu8._.js:9551:58)
    at renderRootConcurrent (http://localhost:3000/_next/static/chunks/0xn0_next_dist_compiled_react-dom_0tq~lu8._.js:9534:71)
    at performWorkOnRoot (http://localhost:3000/_next/static/chunks/0xn0_next_dist_compiled_react-dom_0tq~lu8._.js:9061:150)
    at performWorkOnRootViaSchedulerTask (http://localhost:3000/_next/static/chunks/0xn0_next_dist_compiled_react-dom_0tq~lu8._.js:10255:9)
    at MessagePort.performWorkUntilDeadline (http://localhost:3000/_next/static/chunks/0xn0_next_dist_compiled_0bc8sc2._.js:2647:64) @ http://localhost:3000/_next/static/chunks/0xn0_next_dist_0-rlh9~._.js:3318
[  106028ms] [ERROR] IntlError: MISSING_MESSAGE: Could not resolve `common.category.showMore` in messages for locale `ko`.
    at getFallbackFromErrorAndNotify (http://localhost:3000/_next/static/chunks/node_modules__pnpm_073u4m3._.js:1830:23)
    at translateBaseFn (http://localhost:3000/_next/static/chunks/node_modules__pnpm_073u4m3._.js:1860:28)
    at translateFn (http://localhost:3000/_next/static/chunks/node_modules__pnpm_073u4m3._.js:1888:24)
    at CategorySection (http://localhost:3000/_next/static/chunks/_0l3jh0d._.js?id=%255Bproject%255D%252Fcomponents%252FpostGallery%252Fcategory-section.tsx+%255Bapp-client%255D+%2528ecmascript%2529:151:28)
    at Object.react_stack_bottom_frame (http://localhost:3000/_next/static/chunks/0xn0_next_dist_compiled_react-dom_0tq~lu8._.js:15037:24)
    at renderWithHooksAgain (http://localhost:3000/_next/static/chunks/0xn0_next_dist_compiled_react-dom_0tq~lu8._.js:4675:24)
    at renderWithHooks (http://localhost:3000/_next/static/chunks/0xn0_next_dist_compiled_react-dom_0tq~lu8._.js:4626:28)
    at updateFunctionComponent (http://localhost:3000/_next/static/chunks/0xn0_next_dist_compiled_react-dom_0tq~lu8._.js:6081:21)
    at beginWork (http://localhost:3000/_next/static/chunks/0xn0_next_dist_compiled_react-dom_0tq~lu8._.js:6691:24)
    at runWithFiberInDEV (http://localhost:3000/_next/static/chunks/0xn0_next_dist_compiled_react-dom_0tq~lu8._.js:965:74)
    at performUnitOfWork (http://localhost:3000/_next/static/chunks/0xn0_next_dist_compiled_react-dom_0tq~lu8._.js:9555:97)
    at workLoopConcurrentByScheduler (http://localhost:3000/_next/static/chunks/0xn0_next_dist_compiled_react-dom_0tq~lu8._.js:9551:58)
    at renderRootConcurrent (http://localhost:3000/_next/static/chunks/0xn0_next_dist_compiled_react-dom_0tq~lu8._.js:9534:71)
    at performWorkOnRoot (http://localhost:3000/_next/static/chunks/0xn0_next_dist_compiled_react-dom_0tq~lu8._.js:9061:150)
    at performWorkOnRootViaSchedulerTask (http://localhost:3000/_next/static/chunks/0xn0_next_dist_compiled_react-dom_0tq~lu8._.js:10255:9)
    at MessagePort.performWorkUntilDeadline (http://localhost:3000/_next/static/chunks/0xn0_next_dist_compiled_0bc8sc2._.js:2647:64) @ http://localhost:3000/_next/static/chunks/0xn0_next_dist_0-rlh9~._.js:3318
[  106034ms] [ERROR] IntlError: MISSING_MESSAGE: Could not resolve `common.category.showMore` in messages for locale `ko`.
    at getFallbackFromErrorAndNotify (http://localhost:3000/_next/static/chunks/node_modules__pnpm_073u4m3._.js:1830:23)
    at translateBaseFn (http://localhost:3000/_next/static/chunks/node_modules__pnpm_073u4m3._.js:1860:28)
    at translateFn (http://localhost:3000/_next/static/chunks/node_modules__pnpm_073u4m3._.js:1888:24)
    at CategorySection (http://localhost:3000/_next/static/chunks/_0l3jh0d._.js?id=%255Bproject%255D%252Fcomponents%252FpostGallery%252Fcategory-section.tsx+%255Bapp-client%255D+%2528ecmascript%2529:151:28)
    at Object.react_stack_bottom_frame (http://localhost:3000/_next/static/chunks/0xn0_next_dist_compiled_react-dom_0tq~lu8._.js:15037:24)
    at renderWithHooks (http://localhost:3000/_next/static/chunks/0xn0_next_dist_compiled_react-dom_0tq~lu8._.js:4620:24)
    at updateFunctionComponent (http://localhost:3000/_next/static/chunks/0xn0_next_dist_compiled_react-dom_0tq~lu8._.js:6081:21)
    at beginWork (http://localhost:3000/_next/static/chunks/0xn0_next_dist_compiled_react-dom_0tq~lu8._.js:6691:24)
    at runWithFiberInDEV (http://localhost:3000/_next/static/chunks/0xn0_next_dist_compiled_react-dom_0tq~lu8._.js:965:74)
    at performUnitOfWork (http://localhost:3000/_next/static/chunks/0xn0_next_dist_compiled_react-dom_0tq~lu8._.js:9555:97)
    at workLoopConcurrentByScheduler (http://localhost:3000/_next/static/chunks/0xn0_next_dist_compiled_react-dom_0tq~lu8._.js:9551:58)
    at renderRootConcurrent (http://localhost:3000/_next/static/chunks/0xn0_next_dist_compiled_react-dom_0tq~lu8._.js:9534:71)
    at performWorkOnRoot (http://localhost:3000/_next/static/chunks/0xn0_next_dist_compiled_react-dom_0tq~lu8._.js:9061:150)
    at performWorkOnRootViaSchedulerTask (http://localhost:3000/_next/static/chunks/0xn0_next_dist_compiled_react-dom_0tq~lu8._.js:10255:9)
    at MessagePort.performWorkUntilDeadline (http://localhost:3000/_next/static/chunks/0xn0_next_dist_compiled_0bc8sc2._.js:2647:64) @ http://localhost:3000/_next/static/chunks/0xn0_next_dist_0-rlh9~._.js:3318
[  106035ms] [ERROR] IntlError: MISSING_MESSAGE: Could not resolve `common.category.showMore` in messages for locale `ko`.
    at getFallbackFromErrorAndNotify (http://localhost:3000/_next/static/chunks/node_modules__pnpm_073u4m3._.js:1830:23)
    at translateBaseFn (http://localhost:3000/_next/static/chunks/node_modules__pnpm_073u4m3._.js:1860:28)
    at translateFn (http://localhost:3000/_next/static/chunks/node_modules__pnpm_073u4m3._.js:1888:24)
    at CategorySection (http://localhost:3000/_next/static/chunks/_0l3jh0d._.js?id=%255Bproject%255D%252Fcomponents%252FpostGallery%252Fcategory-section.tsx+%255Bapp-client%255D+%2528ecmascript%2529:151:28)
    at Object.react_stack_bottom_frame (http://localhost:3000/_next/static/chunks/0xn0_next_dist_compiled_react-dom_0tq~lu8._.js:15037:24)
    at renderWithHooksAgain (http://localhost:3000/_next/static/chunks/0xn0_next_dist_compiled_react-dom_0tq~lu8._.js:4675:24)
    at renderWithHooks (http://localhost:3000/_next/static/chunks/0xn0_next_dist_compiled_react-dom_0tq~lu8._.js:4626:28)
    at updateFunctionComponent (http://localhost:3000/_next/static/chunks/0xn0_next_dist_compiled_react-dom_0tq~lu8._.js:6081:21)
    at beginWork (http://localhost:3000/_next/static/chunks/0xn0_next_dist_compiled_react-dom_0tq~lu8._.js:6691:24)
    at runWithFiberInDEV (http://localhost:3000/_next/static/chunks/0xn0_next_dist_compiled_react-dom_0tq~lu8._.js:965:74)
    at performUnitOfWork (http://localhost:3000/_next/static/chunks/0xn0_next_dist_compiled_react-dom_0tq~lu8._.js:9555:97)
    at workLoopConcurrentByScheduler (http://localhost:3000/_next/static/chunks/0xn0_next_dist_compiled_react-dom_0tq~lu8._.js:9551:58)
    at renderRootConcurrent (http://localhost:3000/_next/static/chunks/0xn0_next_dist_compiled_react-dom_0tq~lu8._.js:9534:71)
    at performWorkOnRoot (http://localhost:3000/_next/static/chunks/0xn0_next_dist_compiled_react-dom_0tq~lu8._.js:9061:150)
    at performWorkOnRootViaSchedulerTask (http://localhost:3000/_next/static/chunks/0xn0_next_dist_compiled_react-dom_0tq~lu8._.js:10255:9)
    at MessagePort.performWorkUntilDeadline (http://localhost:3000/_next/static/chunks/0xn0_next_dist_compiled_0bc8sc2._.js:2647:64) @ http://localhost:3000/_next/static/chunks/0xn0_next_dist_0-rlh9~._.js:3318
[  106040ms] [ERROR] IntlError: MISSING_MESSAGE: Could not resolve `common.category.showMore` in messages for locale `ko`.
    at getFallbackFromErrorAndNotify (http://localhost:3000/_next/static/chunks/node_modules__pnpm_073u4m3._.js:1830:23)
    at translateBaseFn (http://localhost:3000/_next/static/chunks/node_modules__pnpm_073u4m3._.js:1860:28)
    at translateFn (http://localhost:3000/_next/static/chunks/node_modules__pnpm_073u4m3._.js:1888:24)
    at CategorySection (http://localhost:3000/_next/static/chunks/_0l3jh0d._.js?id=%255Bproject%255D%252Fcomponents%252FpostGallery%252Fcategory-section.tsx+%255Bapp-client%255D+%2528ecmascript%2529:151:28)
    at Object.react_stack_bottom_frame (http://localhost:3000/_next/static/chunks/0xn0_next_dist_compiled_react-dom_0tq~lu8._.js:15037:24)
    at renderWithHooks (http://localhost:3000/_next/static/chunks/0xn0_next_dist_compiled_react-dom_0tq~lu8._.js:4620:24)
    at updateFunctionComponent (http://localhost:3000/_next/static/chunks/0xn0_next_dist_compiled_react-dom_0tq~lu8._.js:6081:21)
    at beginWork (http://localhost:3000/_next/static/chunks/0xn0_next_dist_compiled_react-dom_0tq~lu8._.js:6691:24)
    at runWithFiberInDEV (http://localhost:3000/_next/static/chunks/0xn0_next_dist_compiled_react-dom_0tq~lu8._.js:965:74)
    at performUnitOfWork (http://localhost:3000/_next/static/chunks/0xn0_next_dist_compiled_react-dom_0tq~lu8._.js:9555:97)
    at workLoopConcurrentByScheduler (http://localhost:3000/_next/static/chunks/0xn0_next_dist_compiled_react-dom_0tq~lu8._.js:9551:58)
    at renderRootConcurrent (http://localhost:3000/_next/static/chunks/0xn0_next_dist_compiled_react-dom_0tq~lu8._.js:9534:71)
    at performWorkOnRoot (http://localhost:3000/_next/static/chunks/0xn0_next_dist_compiled_react-dom_0tq~lu8._.js:9061:150)
    at performWorkOnRootViaSchedulerTask (http://localhost:3000/_next/static/chunks/0xn0_next_dist_compiled_react-dom_0tq~lu8._.js:10255:9)
    at MessagePort.performWorkUntilDeadline (http://localhost:3000/_next/static/chunks/0xn0_next_dist_compiled_0bc8sc2._.js:2647:64) @ http://localhost:3000/_next/static/chunks/0xn0_next_dist_0-rlh9~._.js:3318
[  106040ms] [ERROR] IntlError: MISSING_MESSAGE: Could not resolve `common.category.showMore` in messages for locale `ko`.
    at getFallbackFromErrorAndNotify (http://localhost:3000/_next/static/chunks/node_modules__pnpm_073u4m3._.js:1830:23)
    at translateBaseFn (http://localhost:3000/_next/static/chunks/node_modules__pnpm_073u4m3._.js:1860:28)
    at translateFn (http://localhost:3000/_next/static/chunks/node_modules__pnpm_073u4m3._.js:1888:24)
    at CategorySection (http://localhost:3000/_next/static/chunks/_0l3jh0d._.js?id=%255Bproject%255D%252Fcomponents%252FpostGallery%252Fcategory-section.tsx+%255Bapp-client%255D+%2528ecmascript%2529:151:28)
    at Object.react_stack_bottom_frame (http://localhost:3000/_next/static/chunks/0xn0_next_dist_compiled_react-dom_0tq~lu8._.js:15037:24)
    at renderWithHooksAgain (http://localhost:3000/_next/static/chunks/0xn0_next_dist_compiled_react-dom_0tq~lu8._.js:4675:24)
    at renderWithHooks (http://localhost:3000/_next/static/chunks/0xn0_next_dist_compiled_react-dom_0tq~lu8._.js:4626:28)
    at updateFunctionComponent (http://localhost:3000/_next/static/chunks/0xn0_next_dist_compiled_react-dom_0tq~lu8._.js:6081:21)
    at beginWork (http://localhost:3000/_next/static/chunks/0xn0_next_dist_compiled_react-dom_0tq~lu8._.js:6691:24)
    at runWithFiberInDEV (http://localhost:3000/_next/static/chunks/0xn0_next_dist_compiled_react-dom_0tq~lu8._.js:965:74)
    at performUnitOfWork (http://localhost:3000/_next/static/chunks/0xn0_next_dist_compiled_react-dom_0tq~lu8._.js:9555:97)
    at workLoopConcurrentByScheduler (http://localhost:3000/_next/static/chunks/0xn0_next_dist_compiled_react-dom_0tq~lu8._.js:9551:58)
    at renderRootConcurrent (http://localhost:3000/_next/static/chunks/0xn0_next_dist_compiled_react-dom_0tq~lu8._.js:9534:71)
    at performWorkOnRoot (http://localhost:3000/_next/static/chunks/0xn0_next_dist_compiled_react-dom_0tq~lu8._.js:9061:150)
    at performWorkOnRootViaSchedulerTask (http://localhost:3000/_next/static/chunks/0xn0_next_dist_compiled_react-dom_0tq~lu8._.js:10255:9)
    at MessagePort.performWorkUntilDeadline (http://localhost:3000/_next/static/chunks/0xn0_next_dist_compiled_0bc8sc2._.js:2647:64) @ http://localhost:3000/_next/static/chunks/0xn0_next_dist_0-rlh9~._.js:3318
[  106052ms] [ERROR] IntlError: MISSING_MESSAGE: Could not resolve `common.category.showMore` in messages for locale `ko`.
    at getFallbackFromErrorAndNotify (http://localhost:3000/_next/static/chunks/node_modules__pnpm_073u4m3._.js:1830:23)
    at translateBaseFn (http://localhost:3000/_next/static/chunks/node_modules__pnpm_073u4m3._.js:1860:28)
    at translateFn (http://localhost:3000/_next/static/chunks/node_modules__pnpm_073u4m3._.js:1888:24)
    at CategorySection (http://localhost:3000/_next/static/chunks/_0l3jh0d._.js?id=%255Bproject%255D%252Fcomponents%252FpostGallery%252Fcategory-section.tsx+%255Bapp-client%255D+%2528ecmascript%2529:151:28)
    at Object.react_stack_bottom_frame (http://localhost:3000/_next/static/chunks/0xn0_next_dist_compiled_react-dom_0tq~lu8._.js:15037:24)
    at renderWithHooks (http://localhost:3000/_next/static/chunks/0xn0_next_dist_compiled_react-dom_0tq~lu8._.js:4620:24)
    at updateFunctionComponent (http://localhost:3000/_next/static/chunks/0xn0_next_dist_compiled_react-dom_0tq~lu8._.js:6081:21)
    at beginWork (http://localhost:3000/_next/static/chunks/0xn0_next_dist_compiled_react-dom_0tq~lu8._.js:6691:24)
    at runWithFiberInDEV (http://localhost:3000/_next/static/chunks/0xn0_next_dist_compiled_react-dom_0tq~lu8._.js:965:74)
    at performUnitOfWork (http://localhost:3000/_next/static/chunks/0xn0_next_dist_compiled_react-dom_0tq~lu8._.js:9555:97)
    at workLoopSync (http://localhost:3000/_next/static/chunks/0xn0_next_dist_compiled_react-dom_0tq~lu8._.js:9449:40)
    at renderRootSync (http://localhost:3000/_next/static/chunks/0xn0_next_dist_compiled_react-dom_0tq~lu8._.js:9433:13)
    at performWorkOnRoot (http://localhost:3000/_next/static/chunks/0xn0_next_dist_compiled_react-dom_0tq~lu8._.js:9061:186)
    at performWorkOnRootViaSchedulerTask (http://localhost:3000/_next/static/chunks/0xn0_next_dist_compiled_react-dom_0tq~lu8._.js:10255:9)
    at MessagePort.performWorkUntilDeadline (http://localhost:3000/_next/static/chunks/0xn0_next_dist_compiled_0bc8sc2._.js:2647:64) @ http://localhost:3000/_next/static/chunks/0xn0_next_dist_0-rlh9~._.js:3318
[  106053ms] [ERROR] IntlError: MISSING_MESSAGE: Could not resolve `common.category.showMore` in messages for locale `ko`.
    at getFallbackFromErrorAndNotify (http://localhost:3000/_next/static/chunks/node_modules__pnpm_073u4m3._.js:1830:23)
    at translateBaseFn (http://localhost:3000/_next/static/chunks/node_modules__pnpm_073u4m3._.js:1860:28)
    at translateFn (http://localhost:3000/_next/static/chunks/node_modules__pnpm_073u4m3._.js:1888:24)
    at CategorySection (http://localhost:3000/_next/static/chunks/_0l3jh0d._.js?id=%255Bproject%255D%252Fcomponents%252FpostGallery%252Fcategory-section.tsx+%255Bapp-client%255D+%2528ecmascript%2529:151:28)
    at Object.react_stack_bottom_frame (http://localhost:3000/_next/static/chunks/0xn0_next_dist_compiled_react-dom_0tq~lu8._.js:15037:24)
    at renderWithHooksAgain (http://localhost:3000/_next/static/chunks/0xn0_next_dist_compiled_react-dom_0tq~lu8._.js:4675:24)
    at renderWithHooks (http://localhost:3000/_next/static/chunks/0xn0_next_dist_compiled_react-dom_0tq~lu8._.js:4626:28)
    at updateFunctionComponent (http://localhost:3000/_next/static/chunks/0xn0_next_dist_compiled_react-dom_0tq~lu8._.js:6081:21)
    at beginWork (http://localhost:3000/_next/static/chunks/0xn0_next_dist_compiled_react-dom_0tq~lu8._.js:6691:24)
    at runWithFiberInDEV (http://localhost:3000/_next/static/chunks/0xn0_next_dist_compiled_react-dom_0tq~lu8._.js:965:74)
    at performUnitOfWork (http://localhost:3000/_next/static/chunks/0xn0_next_dist_compiled_react-dom_0tq~lu8._.js:9555:97)
    at workLoopSync (http://localhost:3000/_next/static/chunks/0xn0_next_dist_compiled_react-dom_0tq~lu8._.js:9449:40)
    at renderRootSync (http://localhost:3000/_next/static/chunks/0xn0_next_dist_compiled_react-dom_0tq~lu8._.js:9433:13)
    at performWorkOnRoot (http://localhost:3000/_next/static/chunks/0xn0_next_dist_compiled_react-dom_0tq~lu8._.js:9061:186)
    at performWorkOnRootViaSchedulerTask (http://localhost:3000/_next/static/chunks/0xn0_next_dist_compiled_react-dom_0tq~lu8._.js:10255:9)
    at MessagePort.performWorkUntilDeadline (http://localhost:3000/_next/static/chunks/0xn0_next_dist_compiled_0bc8sc2._.js:2647:64) @ http://localhost:3000/_next/static/chunks/0xn0_next_dist_0-rlh9~._.js:3318
[  106053ms] [ERROR] IntlError: MISSING_MESSAGE: Could not resolve `common.category.showMore` in messages for locale `ko`.
    at getFallbackFromErrorAndNotify (http://localhost:3000/_next/static/chunks/node_modules__pnpm_073u4m3._.js:1830:23)
    at translateBaseFn (http://localhost:3000/_next/static/chunks/node_modules__pnpm_073u4m3._.js:1860:28)
    at translateFn (http://localhost:3000/_next/static/chunks/node_modules__pnpm_073u4m3._.js:1888:24)
    at CategorySection (http://localhost:3000/_next/static/chunks/_0l3jh0d._.js?id=%255Bproject%255D%252Fcomponents%252FpostGallery%252Fcategory-section.tsx+%255Bapp-client%255D+%2528ecmascript%2529:151:28)
    at Object.react_stack_bottom_frame (http://localhost:3000/_next/static/chunks/0xn0_next_dist_compiled_react-dom_0tq~lu8._.js:15037:24)
    at renderWithHooks (http://localhost:3000/_next/static/chunks/0xn0_next_dist_compiled_react-dom_0tq~lu8._.js:4620:24)
    at updateFunctionComponent (http://localhost:3000/_next/static/chunks/0xn0_next_dist_compiled_react-dom_0tq~lu8._.js:6081:21)
    at beginWork (http://localhost:3000/_next/static/chunks/0xn0_next_dist_compiled_react-dom_0tq~lu8._.js:6691:24)
    at runWithFiberInDEV (http://localhost:3000/_next/static/chunks/0xn0_next_dist_compiled_react-dom_0tq~lu8._.js:965:74)
    at performUnitOfWork (http://localhost:3000/_next/static/chunks/0xn0_next_dist_compiled_react-dom_0tq~lu8._.js:9555:97)
    at workLoopSync (http://localhost:3000/_next/static/chunks/0xn0_next_dist_compiled_react-dom_0tq~lu8._.js:9449:40)
    at renderRootSync (http://localhost:3000/_next/static/chunks/0xn0_next_dist_compiled_react-dom_0tq~lu8._.js:9433:13)
    at performWorkOnRoot (http://localhost:3000/_next/static/chunks/0xn0_next_dist_compiled_react-dom_0tq~lu8._.js:9061:186)
    at performWorkOnRootViaSchedulerTask (http://localhost:3000/_next/static/chunks/0xn0_next_dist_compiled_react-dom_0tq~lu8._.js:10255:9)
    at MessagePort.performWorkUntilDeadline (http://localhost:3000/_next/static/chunks/0xn0_next_dist_compiled_0bc8sc2._.js:2647:64) @ http://localhost:3000/_next/static/chunks/0xn0_next_dist_0-rlh9~._.js:3318
[  106054ms] [ERROR] IntlError: MISSING_MESSAGE: Could not resolve `common.category.showMore` in messages for locale `ko`.
    at getFallbackFromErrorAndNotify (http://localhost:3000/_next/static/chunks/node_modules__pnpm_073u4m3._.js:1830:23)
    at translateBaseFn (http://localhost:3000/_next/static/chunks/node_modules__pnpm_073u4m3._.js:1860:28)
    at translateFn (http://localhost:3000/_next/static/chunks/node_modules__pnpm_073u4m3._.js:1888:24)
    at CategorySection (http://localhost:3000/_next/static/chunks/_0l3jh0d._.js?id=%255Bproject%255D%252Fcomponents%252FpostGallery%252Fcategory-section.tsx+%255Bapp-client%255D+%2528ecmascript%2529:151:28)
    at Object.react_stack_bottom_frame (http://localhost:3000/_next/static/chunks/0xn0_next_dist_compiled_react-dom_0tq~lu8._.js:15037:24)
    at renderWithHooksAgain (http://localhost:3000/_next/static/chunks/0xn0_next_dist_compiled_react-dom_0tq~lu8._.js:4675:24)
    at renderWithHooks (http://localhost:3000/_next/static/chunks/0xn0_next_dist_compiled_react-dom_0tq~lu8._.js:4626:28)
    at updateFunctionComponent (http://localhost:3000/_next/static/chunks/0xn0_next_dist_compiled_react-dom_0tq~lu8._.js:6081:21)
    at beginWork (http://localhost:3000/_next/static/chunks/0xn0_next_dist_compiled_react-dom_0tq~lu8._.js:6691:24)
    at runWithFiberInDEV (http://localhost:3000/_next/static/chunks/0xn0_next_dist_compiled_react-dom_0tq~lu8._.js:965:74)
    at performUnitOfWork (http://localhost:3000/_next/static/chunks/0xn0_next_dist_compiled_react-dom_0tq~lu8._.js:9555:97)
    at workLoopSync (http://localhost:3000/_next/static/chunks/0xn0_next_dist_compiled_react-dom_0tq~lu8._.js:9449:40)
    at renderRootSync (http://localhost:3000/_next/static/chunks/0xn0_next_dist_compiled_react-dom_0tq~lu8._.js:9433:13)
    at performWorkOnRoot (http://localhost:3000/_next/static/chunks/0xn0_next_dist_compiled_react-dom_0tq~lu8._.js:9061:186)
    at performWorkOnRootViaSchedulerTask (http://localhost:3000/_next/static/chunks/0xn0_next_dist_compiled_react-dom_0tq~lu8._.js:10255:9)
    at MessagePort.performWorkUntilDeadline (http://localhost:3000/_next/static/chunks/0xn0_next_dist_compiled_0bc8sc2._.js:2647:64) @ http://localhost:3000/_next/static/chunks/0xn0_next_dist_0-rlh9~._.js:3318
[  106054ms] [ERROR] IntlError: MISSING_MESSAGE: Could not resolve `common.category.showMore` in messages for locale `ko`.
    at getFallbackFromErrorAndNotify (http://localhost:3000/_next/static/chunks/node_modules__pnpm_073u4m3._.js:1830:23)
    at translateBaseFn (http://localhost:3000/_next/static/chunks/node_modules__pnpm_073u4m3._.js:1860:28)
    at translateFn (http://localhost:3000/_next/static/chunks/node_modules__pnpm_073u4m3._.js:1888:24)
    at CategorySection (http://localhost:3000/_next/static/chunks/_0l3jh0d._.js?id=%255Bproject%255D%252Fcomponents%252FpostGallery%252Fcategory-section.tsx+%255Bapp-client%255D+%2528ecmascript%2529:151:28)
    at Object.react_stack_bottom_frame (http://localhost:3000/_next/static/chunks/0xn0_next_dist_compiled_react-dom_0tq~lu8._.js:15037:24)
    at renderWithHooks (http://localhost:3000/_next/static/chunks/0xn0_next_dist_compiled_react-dom_0tq~lu8._.js:4620:24)
    at updateFunctionComponent (http://localhost:3000/_next/static/chunks/0xn0_next_dist_compiled_react-dom_0tq~lu8._.js:6081:21)
    at beginWork (http://localhost:3000/_next/static/chunks/0xn0_next_dist_compiled_react-dom_0tq~lu8._.js:6691:24)
    at runWithFiberInDEV (http://localhost:3000/_next/static/chunks/0xn0_next_dist_compiled_react-dom_0tq~lu8._.js:965:74)
    at performUnitOfWork (http://localhost:3000/_next/static/chunks/0xn0_next_dist_compiled_react-dom_0tq~lu8._.js:9555:97)
    at workLoopSync (http://localhost:3000/_next/static/chunks/0xn0_next_dist_compiled_react-dom_0tq~lu8._.js:9449:40)
    at renderRootSync (http://localhost:3000/_next/static/chunks/0xn0_next_dist_compiled_react-dom_0tq~lu8._.js:9433:13)
    at performWorkOnRoot (http://localhost:3000/_next/static/chunks/0xn0_next_dist_compiled_react-dom_0tq~lu8._.js:9061:186)
    at performWorkOnRootViaSchedulerTask (http://localhost:3000/_next/static/chunks/0xn0_next_dist_compiled_react-dom_0tq~lu8._.js:10255:9)
    at MessagePort.performWorkUntilDeadline (http://localhost:3000/_next/static/chunks/0xn0_next_dist_compiled_0bc8sc2._.js:2647:64) @ http://localhost:3000/_next/static/chunks/0xn0_next_dist_0-rlh9~._.js:3318
[  106055ms] [ERROR] IntlError: MISSING_MESSAGE: Could not resolve `common.category.showMore` in messages for locale `ko`.
    at getFallbackFromErrorAndNotify (http://localhost:3000/_next/static/chunks/node_modules__pnpm_073u4m3._.js:1830:23)
    at translateBaseFn (http://localhost:3000/_next/static/chunks/node_modules__pnpm_073u4m3._.js:1860:28)
    at translateFn (http://localhost:3000/_next/static/chunks/node_modules__pnpm_073u4m3._.js:1888:24)
    at CategorySection (http://localhost:3000/_next/static/chunks/_0l3jh0d._.js?id=%255Bproject%255D%252Fcomponents%252FpostGallery%252Fcategory-section.tsx+%255Bapp-client%255D+%2528ecmascript%2529:151:28)
    at Object.react_stack_bottom_frame (http://localhost:3000/_next/static/chunks/0xn0_next_dist_compiled_react-dom_0tq~lu8._.js:15037:24)
    at renderWithHooksAgain (http://localhost:3000/_next/static/chunks/0xn0_next_dist_compiled_react-dom_0tq~lu8._.js:4675:24)
    at renderWithHooks (http://localhost:3000/_next/static/chunks/0xn0_next_dist_compiled_react-dom_0tq~lu8._.js:4626:28)
    at updateFunctionComponent (http://localhost:3000/_next/static/chunks/0xn0_next_dist_compiled_react-dom_0tq~lu8._.js:6081:21)
    at beginWork (http://localhost:3000/_next/static/chunks/0xn0_next_dist_compiled_react-dom_0tq~lu8._.js:6691:24)
    at runWithFiberInDEV (http://localhost:3000/_next/static/chunks/0xn0_next_dist_compiled_react-dom_0tq~lu8._.js:965:74)
    at performUnitOfWork (http://localhost:3000/_next/static/chunks/0xn0_next_dist_compiled_react-dom_0tq~lu8._.js:9555:97)
    at workLoopSync (http://localhost:3000/_next/static/chunks/0xn0_next_dist_compiled_react-dom_0tq~lu8._.js:9449:40)
    at renderRootSync (http://localhost:3000/_next/static/chunks/0xn0_next_dist_compiled_react-dom_0tq~lu8._.js:9433:13)
    at performWorkOnRoot (http://localhost:3000/_next/static/chunks/0xn0_next_dist_compiled_react-dom_0tq~lu8._.js:9061:186)
    at performWorkOnRootViaSchedulerTask (http://localhost:3000/_next/static/chunks/0xn0_next_dist_compiled_react-dom_0tq~lu8._.js:10255:9)
    at MessagePort.performWorkUntilDeadline (http://localhost:3000/_next/static/chunks/0xn0_next_dist_compiled_0bc8sc2._.js:2647:64) @ http://localhost:3000/_next/static/chunks/0xn0_next_dist_0-rlh9~._.js:3318
[  112089ms] [LOG] [Fast Refresh] rebuilding @ http://localhost:3000/_next/static/chunks/0xn0_next_dist_0-rlh9~._.js:2477
[  112147ms] [LOG] [Fast Refresh] done in 46ms @ http://localhost:3000/_next/static/chunks/0xn0_next_dist_0-rlh9~._.js:2477
[  112220ms] [ERROR] IntlError: MISSING_MESSAGE: Could not resolve `common.category.showMore` in messages for locale `ko`.
    at getFallbackFromErrorAndNotify (http://localhost:3000/_next/static/chunks/node_modules__pnpm_073u4m3._.js:1830:23)
    at translateBaseFn (http://localhost:3000/_next/static/chunks/node_modules__pnpm_073u4m3._.js:1860:28)
    at translateFn (http://localhost:3000/_next/static/chunks/node_modules__pnpm_073u4m3._.js:1888:24)
    at CategorySection (http://localhost:3000/_next/static/chunks/_0l3jh0d._.js?id=%255Bproject%255D%252Fcomponents%252FpostGallery%252Fcategory-section.tsx+%255Bapp-client%255D+%2528ecmascript%2529:151:28)
    at Object.react_stack_bottom_frame (http://localhost:3000/_next/static/chunks/0xn0_next_dist_compiled_react-dom_0tq~lu8._.js:15037:24)
    at renderWithHooks (http://localhost:3000/_next/static/chunks/0xn0_next_dist_compiled_react-dom_0tq~lu8._.js:4620:24)
    at updateFunctionComponent (http://localhost:3000/_next/static/chunks/0xn0_next_dist_compiled_react-dom_0tq~lu8._.js:6081:21)
    at beginWork (http://localhost:3000/_next/static/chunks/0xn0_next_dist_compiled_react-dom_0tq~lu8._.js:6691:24)
    at runWithFiberInDEV (http://localhost:3000/_next/static/chunks/0xn0_next_dist_compiled_react-dom_0tq~lu8._.js:965:74)
    at performUnitOfWork (http://localhost:3000/_next/static/chunks/0xn0_next_dist_compiled_react-dom_0tq~lu8._.js:9555:97)
    at workLoopConcurrentByScheduler (http://localhost:3000/_next/static/chunks/0xn0_next_dist_compiled_react-dom_0tq~lu8._.js:9551:58)
    at renderRootConcurrent (http://localhost:3000/_next/static/chunks/0xn0_next_dist_compiled_react-dom_0tq~lu8._.js:9534:71)
    at performWorkOnRoot (http://localhost:3000/_next/static/chunks/0xn0_next_dist_compiled_react-dom_0tq~lu8._.js:9061:150)
    at performWorkOnRootViaSchedulerTask (http://localhost:3000/_next/static/chunks/0xn0_next_dist_compiled_react-dom_0tq~lu8._.js:10255:9)
    at MessagePort.performWorkUntilDeadline (http://localhost:3000/_next/static/chunks/0xn0_next_dist_compiled_0bc8sc2._.js:2647:64) @ http://localhost:3000/_next/static/chunks/0xn0_next_dist_0-rlh9~._.js:3318
[  112220ms] [ERROR] IntlError: MISSING_MESSAGE: Could not resolve `common.category.showMore` in messages for locale `ko`.
    at getFallbackFromErrorAndNotify (http://localhost:3000/_next/static/chunks/node_modules__pnpm_073u4m3._.js:1830:23)
    at translateBaseFn (http://localhost:3000/_next/static/chunks/node_modules__pnpm_073u4m3._.js:1860:28)
    at translateFn (http://localhost:3000/_next/static/chunks/node_modules__pnpm_073u4m3._.js:1888:24)
    at CategorySection (http://localhost:3000/_next/static/chunks/_0l3jh0d._.js?id=%255Bproject%255D%252Fcomponents%252FpostGallery%252Fcategory-section.tsx+%255Bapp-client%255D+%2528ecmascript%2529:151:28)
    at Object.react_stack_bottom_frame (http://localhost:3000/_next/static/chunks/0xn0_next_dist_compiled_react-dom_0tq~lu8._.js:15037:24)
    at renderWithHooksAgain (http://localhost:3000/_next/static/chunks/0xn0_next_dist_compiled_react-dom_0tq~lu8._.js:4675:24)
    at renderWithHooks (http://localhost:3000/_next/static/chunks/0xn0_next_dist_compiled_react-dom_0tq~lu8._.js:4626:28)
    at updateFunctionComponent (http://localhost:3000/_next/static/chunks/0xn0_next_dist_compiled_react-dom_0tq~lu8._.js:6081:21)
    at beginWork (http://localhost:3000/_next/static/chunks/0xn0_next_dist_compiled_react-dom_0tq~lu8._.js:6691:24)
    at runWithFiberInDEV (http://localhost:3000/_next/static/chunks/0xn0_next_dist_compiled_react-dom_0tq~lu8._.js:965:74)
    at performUnitOfWork (http://localhost:3000/_next/static/chunks/0xn0_next_dist_compiled_react-dom_0tq~lu8._.js:9555:97)
    at workLoopConcurrentByScheduler (http://localhost:3000/_next/static/chunks/0xn0_next_dist_compiled_react-dom_0tq~lu8._.js:9551:58)
    at renderRootConcurrent (http://localhost:3000/_next/static/chunks/0xn0_next_dist_compiled_react-dom_0tq~lu8._.js:9534:71)
    at performWorkOnRoot (http://localhost:3000/_next/static/chunks/0xn0_next_dist_compiled_react-dom_0tq~lu8._.js:9061:150)
    at performWorkOnRootViaSchedulerTask (http://localhost:3000/_next/static/chunks/0xn0_next_dist_compiled_react-dom_0tq~lu8._.js:10255:9)
    at MessagePort.performWorkUntilDeadline (http://localhost:3000/_next/static/chunks/0xn0_next_dist_compiled_0bc8sc2._.js:2647:64) @ http://localhost:3000/_next/static/chunks/0xn0_next_dist_0-rlh9~._.js:3318
[  112226ms] [ERROR] IntlError: MISSING_MESSAGE: Could not resolve `common.category.showMore` in messages for locale `ko`.
    at getFallbackFromErrorAndNotify (http://localhost:3000/_next/static/chunks/node_modules__pnpm_073u4m3._.js:1830:23)
    at translateBaseFn (http://localhost:3000/_next/static/chunks/node_modules__pnpm_073u4m3._.js:1860:28)
    at translateFn (http://localhost:3000/_next/static/chunks/node_modules__pnpm_073u4m3._.js:1888:24)
    at CategorySection (http://localhost:3000/_next/static/chunks/_0l3jh0d._.js?id=%255Bproject%255D%252Fcomponents%252FpostGallery%252Fcategory-section.tsx+%255Bapp-client%255D+%2528ecmascript%2529:151:28)
    at Object.react_stack_bottom_frame (http://localhost:3000/_next/static/chunks/0xn0_next_dist_compiled_react-dom_0tq~lu8._.js:15037:24)
    at renderWithHooks (http://localhost:3000/_next/static/chunks/0xn0_next_dist_compiled_react-dom_0tq~lu8._.js:4620:24)
    at updateFunctionComponent (http://localhost:3000/_next/static/chunks/0xn0_next_dist_compiled_react-dom_0tq~lu8._.js:6081:21)
    at beginWork (http://localhost:3000/_next/static/chunks/0xn0_next_dist_compiled_react-dom_0tq~lu8._.js:6691:24)
    at runWithFiberInDEV (http://localhost:3000/_next/static/chunks/0xn0_next_dist_compiled_react-dom_0tq~lu8._.js:965:74)
    at performUnitOfWork (http://localhost:3000/_next/static/chunks/0xn0_next_dist_compiled_react-dom_0tq~lu8._.js:9555:97)
    at workLoopConcurrentByScheduler (http://localhost:3000/_next/static/chunks/0xn0_next_dist_compiled_react-dom_0tq~lu8._.js:9551:58)
    at renderRootConcurrent (http://localhost:3000/_next/static/chunks/0xn0_next_dist_compiled_react-dom_0tq~lu8._.js:9534:71)
    at performWorkOnRoot (http://localhost:3000/_next/static/chunks/0xn0_next_dist_compiled_react-dom_0tq~lu8._.js:9061:150)
    at performWorkOnRootViaSchedulerTask (http://localhost:3000/_next/static/chunks/0xn0_next_dist_compiled_react-dom_0tq~lu8._.js:10255:9)
    at MessagePort.performWorkUntilDeadline (http://localhost:3000/_next/static/chunks/0xn0_next_dist_compiled_0bc8sc2._.js:2647:64) @ http://localhost:3000/_next/static/chunks/0xn0_next_dist_0-rlh9~._.js:3318
[  112227ms] [ERROR] IntlError: MISSING_MESSAGE: Could not resolve `common.category.showMore` in messages for locale `ko`.
    at getFallbackFromErrorAndNotify (http://localhost:3000/_next/static/chunks/node_modules__pnpm_073u4m3._.js:1830:23)
    at translateBaseFn (http://localhost:3000/_next/static/chunks/node_modules__pnpm_073u4m3._.js:1860:28)
    at translateFn (http://localhost:3000/_next/static/chunks/node_modules__pnpm_073u4m3._.js:1888:24)
    at CategorySection (http://localhost:3000/_next/static/chunks/_0l3jh0d._.js?id=%255Bproject%255D%252Fcomponents%252FpostGallery%252Fcategory-section.tsx+%255Bapp-client%255D+%2528ecmascript%2529:151:28)
    at Object.react_stack_bottom_frame (http://localhost:3000/_next/static/chunks/0xn0_next_dist_compiled_react-dom_0tq~lu8._.js:15037:24)
    at renderWithHooksAgain (http://localhost:3000/_next/static/chunks/0xn0_next_dist_compiled_react-dom_0tq~lu8._.js:4675:24)
    at renderWithHooks (http://localhost:3000/_next/static/chunks/0xn0_next_dist_compiled_react-dom_0tq~lu8._.js:4626:28)
    at updateFunctionComponent (http://localhost:3000/_next/static/chunks/0xn0_next_dist_compiled_react-dom_0tq~lu8._.js:6081:21)
    at beginWork (http://localhost:3000/_next/static/chunks/0xn0_next_dist_compiled_react-dom_0tq~lu8._.js:6691:24)
    at runWithFiberInDEV (http://localhost:3000/_next/static/chunks/0xn0_next_dist_compiled_react-dom_0tq~lu8._.js:965:74)
    at performUnitOfWork (http://localhost:3000/_next/static/chunks/0xn0_next_dist_compiled_react-dom_0tq~lu8._.js:9555:97)
    at workLoopConcurrentByScheduler (http://localhost:3000/_next/static/chunks/0xn0_next_dist_compiled_react-dom_0tq~lu8._.js:9551:58)
    at renderRootConcurrent (http://localhost:3000/_next/static/chunks/0xn0_next_dist_compiled_react-dom_0tq~lu8._.js:9534:71)
    at performWorkOnRoot (http://localhost:3000/_next/static/chunks/0xn0_next_dist_compiled_react-dom_0tq~lu8._.js:9061:150)
    at performWorkOnRootViaSchedulerTask (http://localhost:3000/_next/static/chunks/0xn0_next_dist_compiled_react-dom_0tq~lu8._.js:10255:9)
    at MessagePort.performWorkUntilDeadline (http://localhost:3000/_next/static/chunks/0xn0_next_dist_compiled_0bc8sc2._.js:2647:64) @ http://localhost:3000/_next/static/chunks/0xn0_next_dist_0-rlh9~._.js:3318
[  112235ms] [ERROR] IntlError: MISSING_MESSAGE: Could not resolve `common.category.showMore` in messages for locale `ko`.
    at getFallbackFromErrorAndNotify (http://localhost:3000/_next/static/chunks/node_modules__pnpm_073u4m3._.js:1830:23)
    at translateBaseFn (http://localhost:3000/_next/static/chunks/node_modules__pnpm_073u4m3._.js:1860:28)
    at translateFn (http://localhost:3000/_next/static/chunks/node_modules__pnpm_073u4m3._.js:1888:24)
    at CategorySection (http://localhost:3000/_next/static/chunks/_0l3jh0d._.js?id=%255Bproject%255D%252Fcomponents%252FpostGallery%252Fcategory-section.tsx+%255Bapp-client%255D+%2528ecmascript%2529:151:28)
    at Object.react_stack_bottom_frame (http://localhost:3000/_next/static/chunks/0xn0_next_dist_compiled_react-dom_0tq~lu8._.js:15037:24)
    at renderWithHooks (http://localhost:3000/_next/static/chunks/0xn0_next_dist_compiled_react-dom_0tq~lu8._.js:4620:24)
    at updateFunctionComponent (http://localhost:3000/_next/static/chunks/0xn0_next_dist_compiled_react-dom_0tq~lu8._.js:6081:21)
    at beginWork (http://localhost:3000/_next/static/chunks/0xn0_next_dist_compiled_react-dom_0tq~lu8._.js:6691:24)
    at runWithFiberInDEV (http://localhost:3000/_next/static/chunks/0xn0_next_dist_compiled_react-dom_0tq~lu8._.js:965:74)
    at performUnitOfWork (http://localhost:3000/_next/static/chunks/0xn0_next_dist_compiled_react-dom_0tq~lu8._.js:9555:97)
    at workLoopConcurrentByScheduler (http://localhost:3000/_next/static/chunks/0xn0_next_dist_compiled_react-dom_0tq~lu8._.js:9551:58)
    at renderRootConcurrent (http://localhost:3000/_next/static/chunks/0xn0_next_dist_compiled_react-dom_0tq~lu8._.js:9534:71)
    at performWorkOnRoot (http://localhost:3000/_next/static/chunks/0xn0_next_dist_compiled_react-dom_0tq~lu8._.js:9061:150)
    at performWorkOnRootViaSchedulerTask (http://localhost:3000/_next/static/chunks/0xn0_next_dist_compiled_react-dom_0tq~lu8._.js:10255:9)
    at MessagePort.performWorkUntilDeadline (http://localhost:3000/_next/static/chunks/0xn0_next_dist_compiled_0bc8sc2._.js:2647:64) @ http://localhost:3000/_next/static/chunks/0xn0_next_dist_0-rlh9~._.js:3318
[  112236ms] [ERROR] IntlError: MISSING_MESSAGE: Could not resolve `common.category.showMore` in messages for locale `ko`.
    at getFallbackFromErrorAndNotify (http://localhost:3000/_next/static/chunks/node_modules__pnpm_073u4m3._.js:1830:23)
    at translateBaseFn (http://localhost:3000/_next/static/chunks/node_modules__pnpm_073u4m3._.js:1860:28)
    at translateFn (http://localhost:3000/_next/static/chunks/node_modules__pnpm_073u4m3._.js:1888:24)
    at CategorySection (http://localhost:3000/_next/static/chunks/_0l3jh0d._.js?id=%255Bproject%255D%252Fcomponents%252FpostGallery%252Fcategory-section.tsx+%255Bapp-client%255D+%2528ecmascript%2529:151:28)
    at Object.react_stack_bottom_frame (http://localhost:3000/_next/static/chunks/0xn0_next_dist_compiled_react-dom_0tq~lu8._.js:15037:24)
    at renderWithHooksAgain (http://localhost:3000/_next/static/chunks/0xn0_next_dist_compiled_react-dom_0tq~lu8._.js:4675:24)
    at renderWithHooks (http://localhost:3000/_next/static/chunks/0xn0_next_dist_compiled_react-dom_0tq~lu8._.js:4626:28)
    at updateFunctionComponent (http://localhost:3000/_next/static/chunks/0xn0_next_dist_compiled_react-dom_0tq~lu8._.js:6081:21)
    at beginWork (http://localhost:3000/_next/static/chunks/0xn0_next_dist_compiled_react-dom_0tq~lu8._.js:6691:24)
    at runWithFiberInDEV (http://localhost:3000/_next/static/chunks/0xn0_next_dist_compiled_react-dom_0tq~lu8._.js:965:74)
    at performUnitOfWork (http://localhost:3000/_next/static/chunks/0xn0_next_dist_compiled_react-dom_0tq~lu8._.js:9555:97)
    at workLoopConcurrentByScheduler (http://localhost:3000/_next/static/chunks/0xn0_next_dist_compiled_react-dom_0tq~lu8._.js:9551:58)
    at renderRootConcurrent (http://localhost:3000/_next/static/chunks/0xn0_next_dist_compiled_react-dom_0tq~lu8._.js:9534:71)
    at performWorkOnRoot (http://localhost:3000/_next/static/chunks/0xn0_next_dist_compiled_react-dom_0tq~lu8._.js:9061:150)
    at performWorkOnRootViaSchedulerTask (http://localhost:3000/_next/static/chunks/0xn0_next_dist_compiled_react-dom_0tq~lu8._.js:10255:9)
    at MessagePort.performWorkUntilDeadline (http://localhost:3000/_next/static/chunks/0xn0_next_dist_compiled_0bc8sc2._.js:2647:64) @ http://localhost:3000/_next/static/chunks/0xn0_next_dist_0-rlh9~._.js:3318
